------------------------------------------------------------
Timing Analyzer Summary
------------------------------------------------------------

Type  : Slow 1100mV 85C Model Setup 'CLK'
Slack : -5.432
TNS   : -195.976

Type  : Slow 1100mV 85C Model Setup 'moduleName:inst44|clk_out'
Slack : -1.455
TNS   : -4.789

Type  : Slow 1100mV 85C Model Setup 'moduleName:inst4|clk_out'
Slack : -1.243
TNS   : -4.701

Type  : Slow 1100mV 85C Model Hold 'CLK'
Slack : 0.363
TNS   : 0.000

Type  : Slow 1100mV 85C Model Hold 'moduleName:inst44|clk_out'
Slack : 0.575
TNS   : 0.000

Type  : Slow 1100mV 85C Model Hold 'moduleName:inst4|clk_out'
Slack : 0.764
TNS   : 0.000

Type  : Slow 1100mV 85C Model Recovery 'CLK'
Slack : -2.057
TNS   : -35.789

Type  : Slow 1100mV 85C Model Removal 'CLK'
Slack : 0.831
TNS   : 0.000

Type  : Slow 1100mV 85C Model Minimum Pulse Width 'CLK'
Slack : -0.510
TNS   : -42.185

Type  : Slow 1100mV 85C Model Minimum Pulse Width 'moduleName:inst44|clk_out'
Slack : -0.394
TNS   : -2.418

Type  : Slow 1100mV 85C Model Minimum Pulse Width 'moduleName:inst4|clk_out'
Slack : -0.394
TNS   : -2.192

Type  : Slow 1100mV 0C Model Setup 'CLK'
Slack : -5.531
TNS   : -193.750

Type  : Slow 1100mV 0C Model Setup 'moduleName:inst44|clk_out'
Slack : -1.398
TNS   : -4.703

Type  : Slow 1100mV 0C Model Setup 'moduleName:inst4|clk_out'
Slack : -1.267
TNS   : -4.731

Type  : Slow 1100mV 0C Model Hold 'CLK'
Slack : 0.057
TNS   : 0.000

Type  : Slow 1100mV 0C Model Hold 'moduleName:inst44|clk_out'
Slack : 0.549
TNS   : 0.000

Type  : Slow 1100mV 0C Model Hold 'moduleName:inst4|clk_out'
Slack : 0.725
TNS   : 0.000

Type  : Slow 1100mV 0C Model Recovery 'CLK'
Slack : -2.126
TNS   : -32.704

Type  : Slow 1100mV 0C Model Removal 'CLK'
Slack : 0.776
TNS   : 0.000

Type  : Slow 1100mV 0C Model Minimum Pulse Width 'CLK'
Slack : -0.502
TNS   : -45.400

Type  : Slow 1100mV 0C Model Minimum Pulse Width 'moduleName:inst44|clk_out'
Slack : -0.394
TNS   : -2.370

Type  : Slow 1100mV 0C Model Minimum Pulse Width 'moduleName:inst4|clk_out'
Slack : -0.394
TNS   : -2.124

Type  : Fast 1100mV 85C Model Setup 'CLK'
Slack : -3.401
TNS   : -85.514

Type  : Fast 1100mV 85C Model Setup 'moduleName:inst44|clk_out'
Slack : -0.608
TNS   : -1.755

Type  : Fast 1100mV 85C Model Setup 'moduleName:inst4|clk_out'
Slack : -0.490
TNS   : -1.741

Type  : Fast 1100mV 85C Model Hold 'CLK'
Slack : 0.206
TNS   : 0.000

Type  : Fast 1100mV 85C Model Hold 'moduleName:inst44|clk_out'
Slack : 0.317
TNS   : 0.000

Type  : Fast 1100mV 85C Model Hold 'moduleName:inst4|clk_out'
Slack : 0.395
TNS   : 0.000

Type  : Fast 1100mV 85C Model Recovery 'CLK'
Slack : -1.040
TNS   : -8.590

Type  : Fast 1100mV 85C Model Removal 'CLK'
Slack : 0.477
TNS   : 0.000

Type  : Fast 1100mV 85C Model Minimum Pulse Width 'CLK'
Slack : -0.496
TNS   : -7.888

Type  : Fast 1100mV 85C Model Minimum Pulse Width 'moduleName:inst44|clk_out'
Slack : 0.017
TNS   : 0.000

Type  : Fast 1100mV 85C Model Minimum Pulse Width 'moduleName:inst4|clk_out'
Slack : 0.084
TNS   : 0.000

Type  : Fast 1100mV 0C Model Setup 'CLK'
Slack : -2.916
TNS   : -73.695

Type  : Fast 1100mV 0C Model Setup 'moduleName:inst44|clk_out'
Slack : -0.504
TNS   : -1.459

Type  : Fast 1100mV 0C Model Setup 'moduleName:inst4|clk_out'
Slack : -0.399
TNS   : -1.452

Type  : Fast 1100mV 0C Model Hold 'CLK'
Slack : -0.010
TNS   : -0.010

Type  : Fast 1100mV 0C Model Hold 'moduleName:inst44|clk_out'
Slack : 0.282
TNS   : 0.000

Type  : Fast 1100mV 0C Model Hold 'moduleName:inst4|clk_out'
Slack : 0.349
TNS   : 0.000

Type  : Fast 1100mV 0C Model Recovery 'CLK'
Slack : -0.921
TNS   : -5.871

Type  : Fast 1100mV 0C Model Removal 'CLK'
Slack : 0.427
TNS   : 0.000

Type  : Fast 1100mV 0C Model Minimum Pulse Width 'CLK'
Slack : -0.472
TNS   : -7.718

Type  : Fast 1100mV 0C Model Minimum Pulse Width 'moduleName:inst44|clk_out'
Slack : 0.050
TNS   : 0.000

Type  : Fast 1100mV 0C Model Minimum Pulse Width 'moduleName:inst4|clk_out'
Slack : 0.099
TNS   : 0.000

------------------------------------------------------------
